// Vitest Snapshot v1

exports[`calculate simulations-auto-entrepreneur > ACRE 1`] = `"[22962,247,20000,0,20000]"`;

exports[`calculate simulations-auto-entrepreneur > ACRE 2`] = `"[22630,219,20000,0,20000]"`;

exports[`calculate simulations-auto-entrepreneur > ACRE 3`] = `"[34443,370,30000,0,30000]"`;

exports[`calculate simulations-auto-entrepreneur > ACRE 4`] = `"[45938,495,40000,0,40000]"`;

exports[`calculate simulations-auto-entrepreneur > ACRE 5`] = `"[21390,116,20000,0,20000]"`;

exports[`calculate simulations-auto-entrepreneur > activité mixte 1`] = `"[20000,292,16500,0,16500]"`;

exports[`calculate simulations-auto-entrepreneur > activité mixte 2`] = `"[20000,318,16180,0,16180]"`;

exports[`calculate simulations-auto-entrepreneur > activité mixte 3`] = `"[20000,301,16388,0,16388]"`;

exports[`calculate simulations-auto-entrepreneur > activité mixte 4`] = `"[null,715,null,null,null]"`;

exports[`calculate simulations-auto-entrepreneur > activités 1`] = `"[20000,370,15560,0,15560]"`;

exports[`calculate simulations-auto-entrepreneur > activités 2`] = `"[20000,373,15520,0,15520]"`;

exports[`calculate simulations-auto-entrepreneur > activités 3`] = `"[20000,222,17332,0,17332]"`;

exports[`calculate simulations-auto-entrepreneur > activités 4`] = `"[20000,380,15444,0,15444]"`;

exports[`calculate simulations-auto-entrepreneur > activités 5`] = `"[20000,215,17420,0,17420]"`;

exports[`calculate simulations-auto-entrepreneur > activités 6`] = `"[20000,369,15568,0,15568]"`;

exports[`calculate simulations-auto-entrepreneur > aides 1`] = `"[5741,62,5000,0,5000]"`;

exports[`calculate simulations-auto-entrepreneur > aides 2`] = `"[57419,618,50000,237,49763]"`;

exports[`calculate simulations-auto-entrepreneur > impôt sur le revenu 1`] = `"[32134,594,25000,707,24293]"`;

exports[`calculate simulations-auto-entrepreneur > échelle de revenus 1`] = `"[574,6,500,0,500]"`;

exports[`calculate simulations-auto-entrepreneur > échelle de revenus 2`] = `"[1148,12,1000,0,1000]"`;

exports[`calculate simulations-auto-entrepreneur > échelle de revenus 3`] = `"[2296,25,2000,0,2000]"`;

exports[`calculate simulations-auto-entrepreneur > échelle de revenus 4`] = `"[5741,62,5000,0,5000]"`;

exports[`calculate simulations-auto-entrepreneur > échelle de revenus 5`] = `"[11481,123,10000,0,10000]"`;

exports[`calculate simulations-auto-entrepreneur > échelle de revenus 6`] = `"[22962,247,20000,0,20000]"`;

exports[`calculate simulations-auto-entrepreneur > échelle de revenus 7`] = `"[57419,618,50000,237,49763]"`;

exports[`calculate simulations-auto-entrepreneur > échelle de revenus 8`] = `"[80381,865,70000,1301,68699]"`;

exports[`calculate simulations-auto-entrepreneur > échelle de revenus 9`] = `
"[114824,1235,100000,3912,96088]
Notifications affichées : entreprise . TVA . franchise de TVA . seuils dépassés"
`;

exports[`calculate simulations-auto-entrepreneur > échelle de revenus 10`] = `
"[1148298,12358,1000000,131652,868348]
Notifications affichées : entreprise . TVA . franchise de TVA . seuils dépassés, entreprise . imposition . régime . micro-entreprise . alerte seuil dépassés"
`;
