// Vitest Snapshot v1

exports[`calculate simulations-dividendes > barème couple 2 enfants 1`] = `"[200,166,34,0,112,112,0]"`;

exports[`calculate simulations-dividendes > barème couple 2 enfants 2`] = `"[20000000,11149363,3440000,5410637,11184000,11184000,48]"`;

exports[`calculate simulations-dividendes > barème couple 2 enfants 3`] = `"[200,112,34,40,112,112,36]"`;

exports[`calculate simulations-dividendes > barème couple 2 enfants 4`] = `"[20000,14985,3440,613,11184,11184,5]"`;

exports[`calculate simulations-dividendes > barème défauts 1`] = `"[200,166,34,0,112,112,0]"`;

exports[`calculate simulations-dividendes > barème défauts 2`] = `"[20000000,11113031,3440000,5446969,11184000,11184000,49]"`;

exports[`calculate simulations-dividendes > barème défauts 3`] = `"[200,111,34,47,112,112,42]"`;

exports[`calculate simulations-dividendes > barème défauts 4`] = `"[20000,13205,3440,2244,11184,11184,20]"`;

exports[`calculate simulations-dividendes > pfu 1`] = `"[200,140,34,26,120,120,0]"`;

exports[`calculate simulations-dividendes > pfu 2`] = `"[20000000,14000000,3440000,2560000,12000000,12000000,0]"`;
