// Jest Snapshot v1, https://goo.gl/fbAQLP

exports[`calculate aide-déclaration-indépendant: ACRE 1`] = `"[50000,3177,11384,101,14662,35338]"`;

exports[`calculate aide-déclaration-indépendant: ACRE 2`] = `"[15000,949,3261,101,4311,10689]"`;

exports[`calculate aide-déclaration-indépendant: ACRE 3`] = `"[5000,312,1354,101,1767,3233]"`;

exports[`calculate aide-déclaration-indépendant: ACRE 4`] = `
"[10000,630,560,101,1291,8709]
Notifications affichées : dirigeant . indépendant . avertissement base forfaitaire"
`;

exports[`calculate aide-déclaration-indépendant: ACRE 5`] = `
"[10000,630,-1457,101,-726,10726]
Notifications affichées : dirigeant . indépendant . avertissement base forfaitaire"
`;

exports[`calculate aide-déclaration-indépendant: IJSS (indemnité sécurité sociale) 1`] = `"[50000,3024,11424,101,14549,35451]"`;

exports[`calculate aide-déclaration-indépendant: RSA 1`] = `"[500,25,82,101,208,292]"`;

exports[`calculate aide-déclaration-indépendant: RSA 2`] = `"[5000,312,1021,101,1434,3566]"`;

exports[`calculate aide-déclaration-indépendant: conjoint collaborateur 1`] = `"[50000,3175,17728,138,21041,28959]"`;

exports[`calculate aide-déclaration-indépendant: conjoint collaborateur 2`] = `"[50000,3175,16580,138,19893,30107]"`;

exports[`calculate aide-déclaration-indépendant: conjoint collaborateur 3`] = `"[50000,3175,14664,138,17977,32023]"`;

exports[`calculate aide-déclaration-indépendant: conjoint collaborateur 4`] = `"[50000,3176,17732,118,21026,28974]"`;

exports[`calculate aide-déclaration-indépendant: conjoint collaborateur 5`] = `"[50000,3175,16186,138,19499,30501]"`;

exports[`calculate aide-déclaration-indépendant: débit de tabac 1`] = `"[50000,3177,5672,101,8950,41050]"`;

exports[`calculate aide-déclaration-indépendant: international 1`] = `"[50000,0,14610,101,14711,35289]"`;

exports[`calculate aide-déclaration-indépendant: international 2`] = `"[50000,1267,11893,101,13261,36739]"`;

exports[`calculate aide-déclaration-indépendant: nature de l'activité 1`] = `"[50000,3176,11379,118,14673,35327]"`;

exports[`calculate aide-déclaration-indépendant: nature de l'activité 2`] = `"[5000,311,1353,118,1782,3218]"`;

exports[`calculate aide-déclaration-indépendant: nature de l'activité 3`] = `"[50000,3177,11384,101,14662,35338]"`;

exports[`calculate aide-déclaration-indépendant: nature de l'activité 4`] = `"[5000,312,1354,101,1767,3233]"`;

exports[`calculate aide-déclaration-indépendant: nature de l'activité 5`] = `"[50000,3177,11423,101,14701,35299]"`;

exports[`calculate aide-déclaration-indépendant: nature de l'activité 6`] = `"[5000,312,1316,101,1729,3271]"`;

exports[`calculate aide-déclaration-indépendant: nature de l'activité 7`] = `
"[50000,3177,9515,101,12793,37207]
Notifications affichées : dirigeant . indépendant . avertissement base forfaitaire"
`;

exports[`calculate aide-déclaration-indépendant: échelle de revenus 1`] = `"[500,25,1026,101,1152,0]"`;

exports[`calculate aide-déclaration-indépendant: échelle de revenus 2`] = `"[1000,57,1026,101,1184,0]"`;

exports[`calculate aide-déclaration-indépendant: échelle de revenus 3`] = `"[1500,89,1052,101,1242,258]"`;

exports[`calculate aide-déclaration-indépendant: échelle de revenus 4`] = `"[2000,121,1096,101,1318,682]"`;

exports[`calculate aide-déclaration-indépendant: échelle de revenus 5`] = `"[5000,312,1354,101,1767,3233]"`;

exports[`calculate aide-déclaration-indépendant: échelle de revenus 6`] = `"[10000,630,2203,101,2934,7066]"`;

exports[`calculate aide-déclaration-indépendant: échelle de revenus 7`] = `"[100000,6361,20835,101,27297,72703]"`;

exports[`calculate aide-déclaration-indépendant: échelle de revenus 8`] = `"[1000000,63664,106148,101,169913,830087]"`;

exports[`calculate simulations-artiste-auteur: bnc 1`] = `"[1230]"`;

exports[`calculate simulations-artiste-auteur: bnc 2`] = `"[1863]"`;

exports[`calculate simulations-artiste-auteur: bnc 3`] = `"[931]"`;

exports[`calculate simulations-artiste-auteur: salarié 1`] = `"[160]"`;

exports[`calculate simulations-artiste-auteur: salarié 2`] = `"[1603]"`;

exports[`calculate simulations-artiste-auteur: salarié 3`] = `"[12410]"`;

exports[`calculate simulations-auto-entrepreneur: ACRE 1`] = `
"[20686,57,1667,0,20000]
Notifications affichées : dirigeant . auto-entrepreneur . notification calcul ACRE annuel"
`;

exports[`calculate simulations-auto-entrepreneur: ACRE 2`] = `
"[33228,269,2500,0,30000]
Notifications affichées : dirigeant . auto-entrepreneur . notification calcul ACRE annuel"
`;

exports[`calculate simulations-auto-entrepreneur: ACRE 3`] = `
"[45267,439,3333,0,40000]
Notifications affichées : dirigeant . auto-entrepreneur . notification calcul ACRE annuel"
`;

exports[`calculate simulations-auto-entrepreneur: aides 1`] = `"[5742,62,417,0,5000]"`;

exports[`calculate simulations-auto-entrepreneur: aides 2`] = `"[57415,618,4167,0,50000]"`;

exports[`calculate simulations-auto-entrepreneur: impôt sur le revenu 1`] = `"[32092,591,2083,706,24294]"`;

exports[`calculate simulations-auto-entrepreneur: échelle de revenus 1`] = `"[574,6,42,0,500]"`;

exports[`calculate simulations-auto-entrepreneur: échelle de revenus 2`] = `"[1148,12,83,0,1000]"`;

exports[`calculate simulations-auto-entrepreneur: échelle de revenus 3`] = `"[2297,25,167,0,2000]"`;

exports[`calculate simulations-auto-entrepreneur: échelle de revenus 4`] = `"[5742,62,417,0,5000]"`;

exports[`calculate simulations-auto-entrepreneur: échelle de revenus 5`] = `"[11483,124,833,0,10000]"`;

exports[`calculate simulations-auto-entrepreneur: échelle de revenus 6`] = `"[22966,247,1667,0,20000]"`;

exports[`calculate simulations-auto-entrepreneur: échelle de revenus 7`] = `"[57415,618,4167,0,50000]"`;

exports[`calculate simulations-auto-entrepreneur: échelle de revenus 8`] = `"[80381,865,5833,956,69044]"`;

exports[`calculate simulations-auto-entrepreneur: échelle de revenus 9`] = `
"[114830,1236,8333,3297,96703]
Notifications affichées : dirigeant . auto-entrepreneur . contrôle seuil de TVA dépassé"
`;

exports[`calculate simulations-auto-entrepreneur: échelle de revenus 10`] = `
"[1148303,12359,83333,126543,873457]
Notifications affichées : dirigeant . auto-entrepreneur . contrôle seuil de CA dépassé, dirigeant . auto-entrepreneur . contrôle seuil de TVA dépassé"
`;

exports[`calculate simulations-indépendant: acre 1`] = `"[73025,23025,50000,51980,8213,41787,0,73025]"`;

exports[`calculate simulations-indépendant: activité 1`] = `"[26805,6805,20000,20725,601,19399,0,26805]"`;

exports[`calculate simulations-indépendant: activité 2`] = `"[29101,9101,20000,20787,603,19397,0,29101]"`;

exports[`calculate simulations-indépendant: cotisations minimales 1`] = `"[1372,1272,100,134,0,100,0,1372]"`;

exports[`calculate simulations-indépendant: cotisations minimales 2`] = `"[244,144,100,104,0,100,0,244]"`;

exports[`calculate simulations-indépendant: impôt sur le revenu 1`] = `"[29085,9085,20000,20787,603,19397,0,29085]"`;

exports[`calculate simulations-indépendant: impôt sur le revenu 2`] = `"[73025,23025,50000,51980,8213,41787,0,73025]"`;

exports[`calculate simulations-indépendant: impôt sur le revenu 3`] = `"[29085,9085,20000,20787,2079,17921,0,29085]"`;

exports[`calculate simulations-indépendant: inversions 1`] = `"[2000,1384,616,668,0,616,0,2000]"`;

exports[`calculate simulations-indépendant: inversions 2`] = `"[50000,16003,33997,35352,3500,30497,0,50000]"`;

exports[`calculate simulations-indépendant: inversions 3`] = `"[14596,4596,10000,10394,0,10000,0,14596]"`;

exports[`calculate simulations-indépendant: inversions 4`] = `"[69940,22078,47862,49758,7862,40000,0,69940]"`;

exports[`calculate simulations-indépendant: inversions 5`] = `"[14596,4596,10000,10394,0,10000,1000,15596]"`;

exports[`calculate simulations-indépendant: inversions 6`] = `"[19000,5928,13072,13585,0,13072,1000,20000]"`;

exports[`calculate simulations-indépendant: inversions 7`] = `"[18000,5625,12375,12861,0,12375,2000,20000]"`;

exports[`calculate simulations-indépendant: échelle de revenus 1`] = `"[1858,1358,500,548,0,500,0,1858]"`;

exports[`calculate simulations-indépendant: échelle de revenus 2`] = `"[2467,1467,1000,1064,0,1000,0,2467]"`;

exports[`calculate simulations-indépendant: échelle de revenus 3`] = `"[3075,1575,1500,1581,0,1500,0,3075]"`;

exports[`calculate simulations-indépendant: échelle de revenus 4`] = `"[3682,1682,2000,2097,0,2000,0,3682]"`;

exports[`calculate simulations-indépendant: échelle de revenus 5`] = `"[7428,2428,5000,5199,0,5000,0,7428]"`;

exports[`calculate simulations-indépendant: échelle de revenus 6`] = `"[14595,4595,10000,10393,0,10000,0,14595]"`;

exports[`calculate simulations-indépendant: échelle de revenus 7`] = `"[139595,39595,100000,103788,24909,75091,0,139595]"`;

exports[`calculate simulations-indépendant: échelle de revenus 8`] = `"[1239955,239955,1000000,1033666,444476,555524,0,1239955]"`;

exports[`calculate simulations-professions-libérales: CIPAV 1`] = `"[2769,0,2269,500,0,500]"`;

exports[`calculate simulations-professions-libérales: CIPAV 2`] = `"[3337,0,2337,1000,0,1000]"`;

exports[`calculate simulations-professions-libérales: CIPAV 3`] = `"[3905,0,2405,1500,0,1500]"`;

exports[`calculate simulations-professions-libérales: CIPAV 4`] = `"[4473,0,2473,2000,0,2000]"`;

exports[`calculate simulations-professions-libérales: CIPAV 5`] = `"[7934,0,2934,5000,0,5000]"`;

exports[`calculate simulations-professions-libérales: CIPAV 6`] = `"[14188,0,4188,10000,0,10000]"`;

exports[`calculate simulations-professions-libérales: CIPAV 7`] = `"[144691,0,44691,100000,24942,75058]"`;

exports[`calculate simulations-professions-libérales: CIPAV 8`] = `"[1236171,0,236171,1000000,444432,555568]"`;

exports[`calculate simulations-professions-libérales: auxiliaire médical 1`] = `"[30000,0,7751,22249,945,21304]"`;

exports[`calculate simulations-professions-libérales: auxiliaire médical 2`] = `"[30000,0,8077,21923,932,20991]"`;

exports[`calculate simulations-professions-libérales: auxiliaire médical 3`] = `"[300000,0,61784,238217,81297,156920]"`;

exports[`calculate simulations-professions-libérales: avocat 1`] = `"[50000,0,11410,38590,4753,33837]"`;

exports[`calculate simulations-professions-libérales: avocat 2`] = `"[50000,0,11770,38229,4711,33518]"`;

exports[`calculate simulations-professions-libérales: expert-comptable 1`] = `"[20000,0,5042,14958,0,14958]"`;

exports[`calculate simulations-professions-libérales: expert-comptable 2`] = `"[50000,0,14831,35169,3616,31553]"`;

exports[`calculate simulations-professions-libérales: médecin 1`] = `"[50000,0,14273,35727,3671,32056]"`;

exports[`calculate simulations-professions-libérales: médecin 2`] = `"[50000,0,20229,29771,2334,27437]"`;

exports[`calculate simulations-professions-libérales: médecin 3`] = `"[300000,0,86481,213520,73147,140373]"`;

exports[`calculate simulations-professions-libérales: médecin 4`] = `"[400000,0,106201,293799,115768,178031]"`;

exports[`calculate simulations-professions-libérales: médecin 5`] = `"[120000,0,34595,85405,17732,67673]"`;

exports[`calculate simulations-professions-libérales: sage-femme 1`] = `"[50000,0,12383,37617,4638,32979]"`;

exports[`calculate simulations-professions-libérales: sage-femme 2`] = `
"[20000,0,5148,14852,0,14852]
Notifications affichées : dirigeant . indépendant . PL . CARCDSF . retraite complémentaire . cotisation forfaitaire . réduction applicable"
`;

exports[`calculate simulations-professions-libérales: sage-femme 3`] = `
"[4000,0,1271,2729,0,2729]
Notifications affichées : dirigeant . indépendant . PL . CARCDSF . retraite complémentaire . cotisation forfaitaire . réduction applicable, dirigeant . indépendant . PL . CARCDSF . sage-femme . exonération PCV"
`;

exports[`calculate simulations-professions-libérales: sage-femme 4`] = `
"[20000,0,5148,14852,0,14852]
Notifications affichées : dirigeant . indépendant . PL . CARCDSF . retraite complémentaire . cotisation forfaitaire . réduction applicable"
`;

exports[`calculate simulations-professions-libérales: sage-femme 5`] = `
"[20000,0,5224,14775,0,14775]
Notifications affichées : dirigeant . indépendant . PL . CARCDSF . retraite complémentaire . cotisation forfaitaire . réduction applicable"
`;

exports[`calculate simulations-professions-libérales: sage-femme 6`] = `
"[20000,0,5301,14698,0,14698]
Notifications affichées : dirigeant . indépendant . PL . CARCDSF . retraite complémentaire . cotisation forfaitaire . réduction applicable"
`;

exports[`calculate simulations-rémunération-dirigeant (assimilé salarié): ACRE 1`] = `
"[606,0,0,7198,4,13]
Notifications affichées : dirigeant . assimilé salarié . réduction ACRE . notification taux annuel"
`;

exports[`calculate simulations-rémunération-dirigeant (assimilé salarié): ACRE 2`] = `
"[1249,0,0,14573,4,26]
Notifications affichées : dirigeant . assimilé salarié . réduction ACRE . notification taux annuel"
`;

exports[`calculate simulations-rémunération-dirigeant (assimilé salarié): ACRE 3`] = `
"[1893,0,0,21948,4,40]
Notifications affichées : dirigeant . assimilé salarié . réduction ACRE . notification taux annuel"
`;

exports[`calculate simulations-rémunération-dirigeant (assimilé salarié): Contrats Madelin 1`] = `"[1391,0,0,16201,4,29]"`;

exports[`calculate simulations-rémunération-dirigeant (assimilé salarié): Contrats Madelin 2`] = `"[1391,0,0,16201,4,29]"`;

exports[`calculate simulations-rémunération-dirigeant (assimilé salarié): Contrats Madelin 3`] = `"[1391,0,0,16201,4,29]"`;

exports[`calculate simulations-rémunération-dirigeant (assimilé salarié): Contrats Madelin 4`] = `"[917,0,0,10757,4,20]"`;

exports[`calculate simulations-rémunération-dirigeant (assimilé salarié): Contrats Madelin 5`] = `"[14490,0,0,154584,4,46]"`;

exports[`calculate simulations-rémunération-dirigeant (assimilé salarié): Contrats Madelin 6`] = `"[917,0,0,10757,4,20]"`;

exports[`calculate simulations-rémunération-dirigeant (assimilé salarié): activités 1`] = `"[917,0,0,0,4,0]"`;

exports[`calculate simulations-rémunération-dirigeant (assimilé salarié): activités 2`] = `"[917,0,0,0,4,0]"`;

exports[`calculate simulations-rémunération-dirigeant (assimilé salarié): activités 3`] = `"[917,0,0,10757,4,20]"`;

exports[`calculate simulations-rémunération-dirigeant (assimilé salarié): activités 4`] = `"[917,0,0,10757,4,20]"`;

exports[`calculate simulations-rémunération-dirigeant (assimilé salarié): activités 5`] = `"[917,0,0,10757,4,20]"`;

exports[`calculate simulations-rémunération-dirigeant (assimilé salarié): avec charges 1`] = `"[442,0,0,5313,4,10]"`;

exports[`calculate simulations-rémunération-dirigeant (assimilé salarié): avec charges 2`] = `"[917,0,0,10757,4,20]"`;

exports[`calculate simulations-rémunération-dirigeant (assimilé salarié): échelle de rémunération 1`] = `"[0,0,0,0,0,0]"`;

exports[`calculate simulations-rémunération-dirigeant (assimilé salarié): échelle de rémunération 2`] = `"[14,0,0,140,0,1]"`;

exports[`calculate simulations-rémunération-dirigeant (assimilé salarié): échelle de rémunération 3`] = `"[62,0,0,323,0,2]"`;

exports[`calculate simulations-rémunération-dirigeant (assimilé salarié): échelle de rémunération 4`] = `"[204,0,0,2591,2,5]"`;

exports[`calculate simulations-rémunération-dirigeant (assimilé salarié): échelle de rémunération 5`] = `"[442,0,0,5313,4,10]"`;

exports[`calculate simulations-rémunération-dirigeant (assimilé salarié): échelle de rémunération 6`] = `"[917,0,0,10757,4,20]"`;

exports[`calculate simulations-rémunération-dirigeant (assimilé salarié): échelle de rémunération 7`] = `"[2341,0,0,27089,4,46]"`;

exports[`calculate simulations-rémunération-dirigeant (assimilé salarié): échelle de rémunération 8`] = `"[4758,0,0,52757,4,46]"`;

exports[`calculate simulations-rémunération-dirigeant (auto-entrepreneur): ACRE 1`] = `
"[0,0,806,2046,2,0]
Notifications affichées : dirigeant . auto-entrepreneur . notification calcul ACRE annuel"
`;

exports[`calculate simulations-rémunération-dirigeant (auto-entrepreneur): ACRE 2`] = `
"[0,0,1611,4093,3,8]
Notifications affichées : dirigeant . auto-entrepreneur . notification calcul ACRE annuel"
`;

exports[`calculate simulations-rémunération-dirigeant (auto-entrepreneur): ACRE 3`] = `
"[0,0,2337,6139,4,12]
Notifications affichées : dirigeant . auto-entrepreneur . notification calcul ACRE annuel"
`;

exports[`calculate simulations-rémunération-dirigeant (auto-entrepreneur): Contrats Madelin 1`] = `"[0,0,2070,8186,4,16]"`;

exports[`calculate simulations-rémunération-dirigeant (auto-entrepreneur): Contrats Madelin 2`] = `"[0,0,2070,8186,4,16]"`;

exports[`calculate simulations-rémunération-dirigeant (auto-entrepreneur): Contrats Madelin 3`] = `"[0,0,2070,8186,4,16]"`;

exports[`calculate simulations-rémunération-dirigeant (auto-entrepreneur): Contrats Madelin 4`] = `"[0,0,1441,4298,4,8]"`;

exports[`calculate simulations-rémunération-dirigeant (auto-entrepreneur): Contrats Madelin 5`] = `
"[0,0,21610,39357,4,56]
Notifications affichées : dirigeant . auto-entrepreneur . contrôle seuil de CA dépassé, dirigeant . auto-entrepreneur . contrôle seuil de TVA dépassé"
`;

exports[`calculate simulations-rémunération-dirigeant (auto-entrepreneur): Contrats Madelin 6`] = `"[0,0,1446,4195,3,8]"`;

exports[`calculate simulations-rémunération-dirigeant (auto-entrepreneur): activités 1`] = `"[0,0,1298,0,4,0]"`;

exports[`calculate simulations-rémunération-dirigeant (auto-entrepreneur): activités 2`] = `"[0,0,1297,0,4,0]"`;

exports[`calculate simulations-rémunération-dirigeant (auto-entrepreneur): activités 3`] = `"[0,0,1445,4093,3,8]"`;

exports[`calculate simulations-rémunération-dirigeant (auto-entrepreneur): activités 4`] = `"[0,0,1451,4093,3,8]"`;

exports[`calculate simulations-rémunération-dirigeant (auto-entrepreneur): activités 5`] = `"[0,0,1451,4093,3,8]"`;

exports[`calculate simulations-rémunération-dirigeant (auto-entrepreneur): avec charges 1`] = `"[0,0,704,2456,3,0]"`;

exports[`calculate simulations-rémunération-dirigeant (auto-entrepreneur): avec charges 2`] = `"[0,0,1290,7163,4,14]"`;

exports[`calculate simulations-rémunération-dirigeant (auto-entrepreneur): échelle de rémunération 1`] = `"[0,0,7,6,0,0]"`;

exports[`calculate simulations-rémunération-dirigeant (auto-entrepreneur): échelle de rémunération 2`] = `"[0,0,73,60,0,0]"`;

exports[`calculate simulations-rémunération-dirigeant (auto-entrepreneur): échelle de rémunération 3`] = `"[0,0,145,119,0,0]"`;

exports[`calculate simulations-rémunération-dirigeant (auto-entrepreneur): échelle de rémunération 4`] = `"[0,0,363,1023,1,0]"`;

exports[`calculate simulations-rémunération-dirigeant (auto-entrepreneur): échelle de rémunération 5`] = `"[0,0,726,2046,2,0]"`;

exports[`calculate simulations-rémunération-dirigeant (auto-entrepreneur): échelle de rémunération 6`] = `"[0,0,1451,4093,3,8]"`;

exports[`calculate simulations-rémunération-dirigeant (auto-entrepreneur): échelle de rémunération 7`] = `"[0,0,3629,10232,4,20]"`;

exports[`calculate simulations-rémunération-dirigeant (auto-entrepreneur): échelle de rémunération 8`] = `
"[0,0,7257,20465,4,40]
Notifications affichées : dirigeant . auto-entrepreneur . contrôle seuil de TVA dépassé"
`;

exports[`calculate simulations-rémunération-dirigeant (indépendant): ACRE 1`] = `
"[0,8392,0,6102,4,21]
Notifications affichées : dirigeant . indépendant . avertissement base forfaitaire"
`;

exports[`calculate simulations-rémunération-dirigeant (indépendant): ACRE 2`] = `
"[0,16871,0,12270,4,24]
Notifications affichées : dirigeant . indépendant . avertissement base forfaitaire"
`;

exports[`calculate simulations-rémunération-dirigeant (indépendant): ACRE 3`] = `
"[0,21650,0,15827,4,31]
Notifications affichées : dirigeant . indépendant . avertissement base forfaitaire"
`;

exports[`calculate simulations-rémunération-dirigeant (indépendant): Contrats Madelin 1`] = `"[0,20620,0,15102,4,29]"`;

exports[`calculate simulations-rémunération-dirigeant (indépendant): Contrats Madelin 2`] = `"[0,20264,0,15647,4,30]"`;

exports[`calculate simulations-rémunération-dirigeant (indépendant): Contrats Madelin 3`] = `"[0,20620,0,15102,4,29]"`;

exports[`calculate simulations-rémunération-dirigeant (indépendant): Contrats Madelin 4`] = `"[0,13769,0,10084,4,21]"`;

exports[`calculate simulations-rémunération-dirigeant (indépendant): Contrats Madelin 5`] = `"[0,226877,0,57936,4,56]"`;

exports[`calculate simulations-rémunération-dirigeant (indépendant): Contrats Madelin 6`] = `
"[0,13769,0,10084,4,21]
Notifications affichées : dirigeant . indépendant . contrats madelin . contrôle montant charges"
`;

exports[`calculate simulations-rémunération-dirigeant (indépendant): activités 1`] = `"[0,14646,0,0,4,0]"`;

exports[`calculate simulations-rémunération-dirigeant (indépendant): activités 2`] = `"[0,14646,0,0,4,0]"`;

exports[`calculate simulations-rémunération-dirigeant (indépendant): activités 3`] = `"[0,13757,0,10075,4,21]"`;

exports[`calculate simulations-rémunération-dirigeant (indépendant): activités 4`] = `"[0,13769,0,10084,4,21]"`;

exports[`calculate simulations-rémunération-dirigeant (indépendant): activités 5`] = `"[0,13769,0,10084,4,21]"`;

exports[`calculate simulations-rémunération-dirigeant (indépendant): avec charges 1`] = `"[0,6794,0,4976,4,21]"`;

exports[`calculate simulations-rémunération-dirigeant (indépendant): avec charges 2`] = `"[0,13769,0,10084,4,21]"`;

exports[`calculate simulations-rémunération-dirigeant (indépendant): échelle de rémunération 1`] = `"[0,-1044,0,0,3,21]"`;

exports[`calculate simulations-rémunération-dirigeant (indépendant): échelle de rémunération 2`] = `"[0,-225,0,0,3,21]"`;

exports[`calculate simulations-rémunération-dirigeant (indépendant): échelle de rémunération 3`] = `"[0,616,0,471,3,21]"`;

exports[`calculate simulations-rémunération-dirigeant (indépendant): échelle de rémunération 4`] = `"[0,3084,0,2266,3,21]"`;

exports[`calculate simulations-rémunération-dirigeant (indépendant): échelle de rémunération 5`] = `"[0,6794,0,4976,4,21]"`;

exports[`calculate simulations-rémunération-dirigeant (indépendant): échelle de rémunération 6`] = `"[0,13769,0,10084,4,21]"`;

exports[`calculate simulations-rémunération-dirigeant (indépendant): échelle de rémunération 7`] = `"[0,33997,0,24913,4,48]"`;

exports[`calculate simulations-rémunération-dirigeant (indépendant): échelle de rémunération 8`] = `"[0,69895,0,36431,4,56]"`;

exports[`calculate simulations-salarié: CCN HCR 1`] = `
"[4192,0,2500,2468,2351]
Notifications affichées : contrat salarié . convention collective . contrôle décharge"
`;

exports[`calculate simulations-salarié: CCN batiment 1`] = `
"[3965,0,2500,1987,1878]
Notifications affichées : contrat salarié . convention collective . contrôle décharge"
`;

exports[`calculate simulations-salarié: CCN batiment 2`] = `
"[3941,0,2500,1972,1864]
Notifications affichées : contrat salarié . convention collective . contrôle décharge"
`;

exports[`calculate simulations-salarié: CCN batiment 3`] = `
"[3996,0,2500,1979,1867]
Notifications affichées : contrat salarié . convention collective . contrôle décharge"
`;

exports[`calculate simulations-salarié: CCN compta 1`] = `
"[4132,0,2500,2478,2363]
Notifications affichées : contrat salarié . convention collective . contrôle décharge"
`;

exports[`calculate simulations-salarié: CCN optique 1`] = `
"[3591,0,2500,2068,1953]
Notifications affichées : contrat salarié . convention collective . contrôle décharge"
`;

exports[`calculate simulations-salarié: CCN spectacle vivant 1`] = `
"[3834,0,2500,1938,1856]
Notifications affichées : contrat salarié . CDD . information, contrat salarié . convention collective . contrôle décharge"
`;

exports[`calculate simulations-salarié: CCN sport 1`] = `
"[541,0,500,374,374]
Notifications affichées : contrat salarié . rémunération . contrôle smic"
`;

exports[`calculate simulations-salarié: JEI 1`] = `"[3440,0,3000,2353,2168]"`;

exports[`calculate simulations-salarié: JEI 2`] = `
"[26633,0,20000,15969,10503]
Notifications affichées : contrat salarié . rémunération . contrôle salaire élevé"
`;

exports[`calculate simulations-salarié: JEI 3`] = `"[4517,0,4000,3141,2745]"`;

exports[`calculate simulations-salarié: activité partielle 1`] = `"[27,0,1560,1197,1197]"`;

exports[`calculate simulations-salarié: activité partielle 2`] = `"[427,0,4000,2594,2392]"`;

exports[`calculate simulations-salarié: activité partielle 3`] = `"[1470,0,8000,5209,4245]"`;

exports[`calculate simulations-salarié: activité partielle 4`] = `"[1172,0,4000,2704,2426]"`;

exports[`calculate simulations-salarié: activité partielle 5`] = `"[2683,0,4000,2870,2574]"`;

exports[`calculate simulations-salarié: activité partielle 6`] = `"[327,3750,3000,1940,1833]"`;

exports[`calculate simulations-salarié: activité partielle 7`] = `"[427,0,4000,2594,2485]"`;

exports[`calculate simulations-salarié: activité partielle 8`] = `"[409,0,2000,1578,1544]"`;

exports[`calculate simulations-salarié: activité partielle 9`] = `"[1247,0,2000,1540,1506]"`;

exports[`calculate simulations-salarié: activité partielle 10`] = `"[927,0,6000,4182,3498]"`;

exports[`calculate simulations-salarié: activité partielle 11`] = `"[2694,0,9000,6237,4945]"`;

exports[`calculate simulations-salarié: aides 1`] = `"[2302,0,2000,1561,1527]"`;

exports[`calculate simulations-salarié: aides 2`] = `
"[12822,0,10000,8911,7620]
Notifications affichées : contrat salarié . rémunération . contrôle salaire élevé, contrat salarié . régime des impatriés . information"
`;

exports[`calculate simulations-salarié: aides 3`] = `"[2062,0,2000,1561,1527]"`;

exports[`calculate simulations-salarié: aides 4`] = `
"[2292,0,2000,1561,1527]
Notifications affichées : contrat salarié . CDD . information"
`;

exports[`calculate simulations-salarié: aides 5`] = `"[1895,0,2000,1561,1527]"`;

exports[`calculate simulations-salarié: aides embauche covid 1`] = `
"[1237,0,1500,1165,1165]
Notifications affichées : contrat salarié . rémunération . contrôle smic"
`;

exports[`calculate simulations-salarié: aides embauche covid 2`] = `"[7084,0,5000,3948,3298]"`;

exports[`calculate simulations-salarié: aides embauche covid 3`] = `
"[1255,0,1500,1165,1165]
Notifications affichées : contrat salarié . CDD . information, contrat salarié . rémunération . contrôle smic"
`;

exports[`calculate simulations-salarié: aides embauche covid 4`] = `
"[885,0,1500,1448,1448]
Notifications affichées : contrat salarié . rémunération . contrôle smic"
`;

exports[`calculate simulations-salarié: apprentissage 1`] = `
"[1552,0,1500,1448,1448]
Notifications affichées : contrat salarié . rémunération . contrôle smic"
`;

exports[`calculate simulations-salarié: apprentissage 2`] = `
"[1385,0,1500,1448,1448]
Notifications affichées : contrat salarié . rémunération . contrôle smic"
`;

exports[`calculate simulations-salarié: assimilé salarié 1`] = `"[7015,0,5000,3943,3286]"`;

exports[`calculate simulations-salarié: assimilé salarié 2`] = `"[2127,0,1500,1163,1163]"`;

exports[`calculate simulations-salarié: assimilé salarié 3`] = `"[4228,0,3000,2348,2161]"`;

exports[`calculate simulations-salarié: atmp 1`] = `"[2534,0,2000,1561,1527]"`;

exports[`calculate simulations-salarié: avantages 1`] = `"[2667,0,2000,1540,1490]"`;

exports[`calculate simulations-salarié: avantages 2`] = `"[2677,0,2000,1539,1489]"`;

exports[`calculate simulations-salarié: avantages 3`] = `"[2586,0,2000,1549,1500]"`;

exports[`calculate simulations-salarié: cadre 1`] = `"[4122,0,3000,2348,2160]"`;

exports[`calculate simulations-salarié: cdd 1`] = `
"[2509,0,2000,1561,1528]
Notifications affichées : contrat salarié . CDD . information"
`;

exports[`calculate simulations-salarié: cdd 2`] = `
"[2591,0,2000,1599,1551]
Notifications affichées : contrat salarié . CDD . information"
`;

exports[`calculate simulations-salarié: cdd 3`] = `
"[3417,0,2400,1987,1906]
Notifications affichées : contrat salarié . CDD . information"
`;

exports[`calculate simulations-salarié: cdd 4`] = `
"[3744,0,2400,1878,1799]
Notifications affichées : contrat salarié . CDD . information, contrat salarié . convention collective . contrôle décharge"
`;

exports[`calculate simulations-salarié: contrat pro 1`] = `"[904,0,1500,1165,1165]"`;

exports[`calculate simulations-salarié: contrat pro 2`] = `"[1570,0,1500,1165,1165]"`;

exports[`calculate simulations-salarié: effectif 1`] = `"[2479,0,2000,1561,1527]"`;

exports[`calculate simulations-salarié: effectif 2`] = `"[2525,0,2000,1561,1527]"`;

exports[`calculate simulations-salarié: effectif 3`] = `"[2539,0,2000,1561,1527]"`;

exports[`calculate simulations-salarié: effectif 4`] = `"[2539,0,2000,1561,1527]"`;

exports[`calculate simulations-salarié: frais pro - DFS 1`] = `"[2242,0,2000,1630,1630]"`;

exports[`calculate simulations-salarié: frais pro - DFS 2`] = `"[2334,0,2000,1584,1549]"`;

exports[`calculate simulations-salarié: frais pro - DFS 3`] = `"[2265,0,2000,1606,1558]"`;

exports[`calculate simulations-salarié: frais pro - DFS 4`] = `"[2243,0,2000,1613,1564]"`;

exports[`calculate simulations-salarié: frais pro - DFS 5`] = `"[2437,0,2000,1590,1590]"`;

exports[`calculate simulations-salarié: frais pro - DFS 6`] = `"[1767,0,1700,1364,1364]"`;

exports[`calculate simulations-salarié: frais pro - DFS 7`] = `"[3287,0,2600,2125,2092]"`;

exports[`calculate simulations-salarié: frais pro - IKV 1`] = `"[4367,0,3200,2530,2334]"`;

exports[`calculate simulations-salarié: frais pro - IKV 2`] = `"[4346,0,3200,2511,2314]"`;

exports[`calculate simulations-salarié: frais pro - IKV 3`] = `"[2764,0,2152,1681,1630]"`;

exports[`calculate simulations-salarié: frais pro - titres restaurant 1`] = `"[2519,0,2000,1521,1487]"`;

exports[`calculate simulations-salarié: frais pro - titres restaurant 2`] = `"[4307,0,3000,2134,1944]"`;

exports[`calculate simulations-salarié: frais pro - titres restaurant 3`] = `"[2562,0,2000,1493,1458]"`;

exports[`calculate simulations-salarié: heures supplémentaires et complémentaires 1`] = `"[2583,0,2000,1636,1601]"`;

exports[`calculate simulations-salarié: heures supplémentaires et complémentaires 2`] = `"[3105,0,2000,2009,1960]"`;

exports[`calculate simulations-salarié: heures supplémentaires et complémentaires 3`] = `"[2654,0,2000,1636,1601]"`;

exports[`calculate simulations-salarié: heures supplémentaires et complémentaires 4`] = `
"[2564,0,2000,1627,1592]
Notifications affichées : contrat salarié . convention collective . contrôle décharge"
`;

exports[`calculate simulations-salarié: heures supplémentaires et complémentaires 5`] = `
"[3025,0,2000,1970,1936]
Notifications affichées : contrat salarié . convention collective . contrôle décharge"
`;

exports[`calculate simulations-salarié: heures supplémentaires et complémentaires 6`] = `
"[3040,0,2000,1978,1943]
Notifications affichées : contrat salarié . convention collective . contrôle décharge"
`;

exports[`calculate simulations-salarié: heures supplémentaires et complémentaires 7`] = `
"[3336,2446,2000,1919,1886]
Notifications affichées : contrat salarié . temps de travail . contrôle heures complémentaires 10 pourcents"
`;

exports[`calculate simulations-salarié: heures supplémentaires et complémentaires 8`] = `
"[3285,2286,2000,1889,1856]
Notifications affichées : contrat salarié . temps de travail . contrôle heures complémentaires 10 pourcents"
`;

exports[`calculate simulations-salarié: impôt sur le revenu - quotient familial 1`] = `"[4076,0,3000,2353,2330]"`;

exports[`calculate simulations-salarié: impôt sur le revenu - quotient familial 2`] = `"[4076,0,3000,2353,2353]"`;

exports[`calculate simulations-salarié: impôt sur le revenu - quotient familial 3`] = `"[4076,0,3000,2353,2353]"`;

exports[`calculate simulations-salarié: impôt sur le revenu - quotient familial 4`] = `"[4076,0,3000,2353,1906]"`;

exports[`calculate simulations-salarié: impôt sur le revenu - quotient familial 5`] = `"[4076,0,3000,2353,2217]"`;

exports[`calculate simulations-salarié: impôt sur le revenu - quotient familial 6`] = `"[12889,0,9000,7156,6034]"`;

exports[`calculate simulations-salarié: impôt sur le revenu - quotient familial 7`] = `"[12889,0,9000,7156,6324]"`;

exports[`calculate simulations-salarié: impôt sur le revenu - quotient familial 8`] = `"[12889,0,9000,7156,6851]"`;

exports[`calculate simulations-salarié: impôt sur le revenu - quotient familial 9`] = `"[4076,0,3000,2353,2169]"`;

exports[`calculate simulations-salarié: impôt sur le revenu - quotient familial 10`] = `"[4076,0,3000,2353,2353]"`;

exports[`calculate simulations-salarié: impôt sur le revenu 1`] = `"[4076,0,3000,2353,2168]"`;

exports[`calculate simulations-salarié: impôt sur le revenu 2`] = `
"[41831,0,30000,24227,14685]
Notifications affichées : contrat salarié . rémunération . contrôle salaire élevé"
`;

exports[`calculate simulations-salarié: impôt sur le revenu 3`] = `
"[4111,0,3000,2353,2172]
Notifications affichées : contrat salarié . CDD . information"
`;

exports[`calculate simulations-salarié: impôt sur le revenu 4`] = `"[3896,0,3000,2353,2252]"`;

exports[`calculate simulations-salarié: impôt sur le revenu 5`] = `
"[41831,0,30000,24227,14685]
Notifications affichées : contrat salarié . rémunération . contrôle salaire élevé"
`;

exports[`calculate simulations-salarié: impôt sur le revenu 6`] = `"[4076,0,3000,2626,2481]"`;

exports[`calculate simulations-salarié: impôt sur le revenu 7`] = `
"[41831,0,30000,26966,16383]
Notifications affichées : contrat salarié . rémunération . contrôle salaire élevé"
`;

exports[`calculate simulations-salarié: impôt sur le revenu 8`] = `"[4076,0,3000,2353,2107]"`;

exports[`calculate simulations-salarié: inversions 1`] = `"[2000,0,1746,1360,1353]"`;

exports[`calculate simulations-salarié: inversions 2`] = `"[3474,0,2554,2000,1889]"`;

exports[`calculate simulations-salarié: inversions 3`] = `"[3674,0,2703,2117,2000]"`;

exports[`calculate simulations-salarié: lodeom 1`] = `
"[1592,0,1521,1182,1182]
Notifications affichées : contrat salarié . rémunération . contrôle smic"
`;

exports[`calculate simulations-salarié: lodeom 2`] = `"[2085,0,2000,1561,1527]"`;

exports[`calculate simulations-salarié: lodeom 3`] = `"[3896,0,3000,2353,2168]"`;

exports[`calculate simulations-salarié: lodeom 4`] = `"[5673,0,4000,3146,2755]"`;

exports[`calculate simulations-salarié: lodeom 5`] = `"[7888,0,5500,4349,3634]"`;

exports[`calculate simulations-salarié: lodeom compétitivité renforcée 1`] = `
"[1592,0,1521,1182,1182]
Notifications affichées : contrat salarié . rémunération . contrôle smic"
`;

exports[`calculate simulations-salarié: lodeom compétitivité renforcée 2`] = `"[2085,0,2000,1561,1527]"`;

exports[`calculate simulations-salarié: lodeom compétitivité renforcée 3`] = `"[3444,0,3000,2353,2168]"`;

exports[`calculate simulations-salarié: lodeom compétitivité renforcée 4`] = `"[5588,0,4000,3146,2755]"`;

exports[`calculate simulations-salarié: lodeom compétitivité renforcée 5`] = `"[7888,0,5500,4349,3634]"`;

exports[`calculate simulations-salarié: lodeom innovation et croissance 1`] = `
"[1592,0,1521,1182,1182]
Notifications affichées : contrat salarié . rémunération . contrôle smic"
`;

exports[`calculate simulations-salarié: lodeom innovation et croissance 2`] = `"[2085,0,2000,1561,1527]"`;

exports[`calculate simulations-salarié: lodeom innovation et croissance 3`] = `"[3235,0,3000,2353,2168]"`;

exports[`calculate simulations-salarié: lodeom innovation et croissance 4`] = `"[4915,0,4000,3146,2755]"`;

exports[`calculate simulations-salarié: lodeom innovation et croissance 5`] = `"[7888,0,5500,4349,3634]"`;

exports[`calculate simulations-salarié: stage 1`] = `
"[507,0,500,500,500]
Notifications affichées : contrat salarié . stage . avertissement, contrat salarié . stage . contrôle gratification minimale"
`;

exports[`calculate simulations-salarié: stage 2`] = `
"[2490,0,2000,1750,1750]
Notifications affichées : contrat salarié . stage . avertissement"
`;

exports[`calculate simulations-salarié: taux spécifiques retraite complémentaire 1`] = `
"[1605,0,1521,1195,1195]
Notifications affichées : contrat salarié . rémunération . contrôle smic"
`;

exports[`calculate simulations-salarié: taux spécifiques retraite complémentaire 2`] = `"[3423,0,2500,1979,1869]"`;

exports[`calculate simulations-salarié: taux spécifiques retraite complémentaire 3`] = `
"[1592,0,1521,1170,1170]
Notifications affichées : contrat salarié . rémunération . contrôle smic"
`;

exports[`calculate simulations-salarié: taux spécifiques retraite complémentaire 4`] = `"[3381,0,2500,1938,1830]"`;

exports[`calculate simulations-salarié: temps partiel 1`] = `"[2591,2188,2000,1561,1527]"`;

exports[`calculate simulations-salarié: temps partiel 2`] = `"[2533,2500,1857,1448,1428]"`;

exports[`calculate simulations-salarié: temps partiel 3`] = `
"[1159,1750,1000,770,770]
Notifications affichées : contrat salarié . temps de travail . temps partiel . contrôle temps min"
`;

exports[`calculate simulations-salarié: treizième mois 1`] = `"[3390,0,2300,1950,1842]"`;

exports[`calculate simulations-salarié: treizième mois 2`] = `"[3800,2965,2300,2186,2071]"`;

exports[`calculate simulations-salarié: treizième mois 3`] = `"[3044,0,2300,1799,1721]"`;

exports[`calculate simulations-salarié: échelle de salaires 1`] = `
"[130,0,100,57,57]
Notifications affichées : contrat salarié . rémunération . contrôle smic"
`;

exports[`calculate simulations-salarié: échelle de salaires 2`] = `
"[284,0,250,176,176]
Notifications affichées : contrat salarié . rémunération . contrôle smic"
`;

exports[`calculate simulations-salarié: échelle de salaires 3`] = `
"[541,0,500,374,374]
Notifications affichées : contrat salarié . rémunération . contrôle smic"
`;

exports[`calculate simulations-salarié: échelle de salaires 4`] = `
"[799,0,750,572,572]
Notifications affichées : contrat salarié . rémunération . contrôle smic"
`;

exports[`calculate simulations-salarié: échelle de salaires 5`] = `
"[1056,0,1000,770,770]
Notifications affichées : contrat salarié . rémunération . contrôle smic"
`;

exports[`calculate simulations-salarié: échelle de salaires 6`] = `
"[1313,0,1250,968,968]
Notifications affichées : contrat salarié . rémunération . contrôle smic"
`;

exports[`calculate simulations-salarié: échelle de salaires 7`] = `
"[1570,0,1500,1165,1165]
Notifications affichées : contrat salarié . rémunération . contrôle smic"
`;

exports[`calculate simulations-salarié: échelle de salaires 8`] = `"[2479,0,2000,1561,1527]"`;

exports[`calculate simulations-salarié: échelle de salaires 9`] = `"[3401,0,2500,1957,1848]"`;

exports[`calculate simulations-salarié: échelle de salaires 10`] = `"[4076,0,3000,2353,2168]"`;

exports[`calculate simulations-salarié: échelle de salaires 11`] = `"[5673,0,4000,3146,2755]"`;

exports[`calculate simulations-salarié: échelle de salaires 12`] = `"[7084,0,5000,3948,3298]"`;

exports[`calculate simulations-salarié: échelle de salaires 13`] = `
"[14318,0,10000,7958,5975]
Notifications affichées : contrat salarié . rémunération . contrôle salaire élevé"
`;

exports[`calculate simulations-salarié: échelle de salaires 14`] = `
"[28343,0,20000,15969,10503]
Notifications affichées : contrat salarié . rémunération . contrôle salaire élevé"
`;

exports[`calculate simulations-salarié: échelle de salaires 15`] = `
"[128565,0,100000,87157,48426]
Notifications affichées : contrat salarié . rémunération . contrôle salaire élevé"
`;

exports[`calculate simulations-salarié: échelle de salaires 16`] = `
"[1243719,0,1000000,896257,498390]
Notifications affichées : contrat salarié . rémunération . contrôle salaire élevé"
`;
